// Jest Snapshot v1, https://goo.gl/fbAQLP

exports[`Not Found Component renders 1`] = `
<Fragment>
  <div
    className="wrapper"
  >
    <Connect(Navbar) />
    <div
      className="body"
      style={
        Object {
          "backgroundImage": "url('../assets/img/gears.svg')",
        }
      }
    >
      <div
        className="wrapper white"
      >
        <h1
          className="center"
          id="four-o-four-message"
        >
          <span
            aria-label="sad face"
            role="img"
          >
            ðŸ˜¢
          </span>
          <br />
          Nothing exists here.
        </h1>
        <em
          className="center"
          id="back-btn"
          onClick={[Function]}
        >
          &lt;Â Â Go Back
        </em>
      </div>
    </div>
  </div>
</Fragment>
`;
